This is BibTeX, Version 0.99d (MiKTeX 22.10)
The top-level auxiliary file: main.aux
The style file: ACM-Reference-Format.bst
Database file #1: related_refs.bib
Database file #2: references.bib
Warning--empty publisher in chung2023blinddps
Warning--empty address in chung2023blinddps
Warning--empty publisher in chung2023dps
Warning--empty address in chung2023dps
Warning--page numbers missing in both pages and numpages fields in chung2023dps
Warning--empty publisher in ho2020ddpm
Warning--empty address in ho2020ddpm
Warning--empty publisher in kawar2022ddrm
Warning--empty address in kawar2022ddrm
Warning--empty publisher in murata2023gibbsddrm
Warning--empty address in murata2023gibbsddrm
Warning--empty publisher in saharia2022palette
Warning--empty address in saharia2022palette
Warning--empty publisher in song2020ddim
Warning--empty address in song2020ddim
Warning--page numbers missing in both pages and numpages fields in song2020ddim
Warning--empty publisher in song2021scoresde
Warning--empty address in song2021scoresde
Warning--page numbers missing in both pages and numpages fields in song2021scoresde
(There were 19 warnings)
bibtex: critical issue: You are running MiKTeX on an unsupported version of Windows.
